Tests for 101-matrix_mul.py
matrix_mul will be used
===
Importing module
>>> matrix_mul = __import__('101-lazy_matrix_mul').lazy_matrix_mul
>>> matrix_mul([[1, 2], [3, 4]], [[1, 2], [3, 4]])
[[7, 10], [15, 22]]
>>> matrix_mul([[1, 2]], [[3, 4], [5, 6]])
[[13, 16]]
>>> matrix_mul(9, [[]])
Traceback (most recent call last):
    ...
TypeError: m_a must be a list
>>> matrix_mul([[1, 2], [2, 3]], 9)
Traceback (most recent call last):
    ...
TypeError: m_b must be a list
>>> matrix_mul([1, 2], [1, 2])
Traceback (most recent call last):
    ...
TypeError: Scalar operands are not allowed, use '*' instead
>>> matrix_mul([[1, 2], [2, 3]], [1, 2])
Traceback (most recent call last):
    ...
TypeError: Scalar operands are not allowed, use '*' instead
>>> matrix_mul([], [])
Traceback (most recent call last):
    ...
ValueError: m_a can't be empty
>>> matrix_mul([[1, 2], [2, 3]], [])
Traceback (most recent call last):
    ...
ValueError: m_b can't be empty
>>> matrix_mul([["pizza", 2], [1, 2]], [[1, 2], [2, 1]])
Traceback (most recent call last):
    ...
TypeError: invalid data type for einsum
>>> matrix_mul([[1, 2], [1, 2]], [["pizza", 1], [1, 2]])
Traceback (most recent call last):
    ...
TypeError: invalid data type for einsum
>>> matrix_mul([[1, 2, 3], [1, 2]], [[2, 1], [2, 2]])
Traceback (most recent call last):
    ...
TypeError: setting an array element with a sequence.
>>> matrix_mul([[1, 2], [2, 3]], [[1, 2, 3, 4], [1, 2, 3]])
Traceback (most recent call last):
    ...
TypeError: setting an array element with a sequence.
>>> matrix_mul([[1, 2], [1, 2]], [[1, 2, 3], [1, 2, 3], [1, 2, 3]])
Traceback (most recent call last):
    ...
ValueError: m_a and m_b can't be multiplied
